{"level":"info","message":"info test....","timestamp":"2014-10-14T01:23:46.331Z"}
{"level":"info","message":"Test log on app.js","timestamp":"2014-10-14T01:23:46.378Z"}
{"level":"info","message":"Logger Active","timestamp":"2014-10-14T01:25:38.452Z"}
{"level":"info","message":"Test log on app.js","timestamp":"2014-10-14T01:25:38.507Z"}
{"level":"info","message":"Logger Active","timestamp":"2014-10-14T01:26:36.110Z"}
{"level":"info","message":"Logger Active","timestamp":"2014-10-14T01:27:31.583Z"}
{"level":"info","message":"Test log on app.js","timestamp":"2014-10-14T01:27:31.628Z"}
{"level":"info","message":"Logger Active","timestamp":"2014-10-14T01:27:57.724Z"}
{"level":"info","message":"Logger Active on app.js","timestamp":"2014-10-14T01:27:57.763Z"}
{"level":"info","message":"Logger Active","timestamp":"2014-10-14T01:34:52.332Z"}
{"level":"info","message":"Logger Active on app.js","timestamp":"2014-10-14T01:34:52.376Z"}
{"level":"info","message":"Logger Active","timestamp":"2014-10-14T01:41:41.964Z"}
{"level":"info","message":"Logger Active on app.js","timestamp":"2014-10-14T01:41:42.008Z"}
{"level":"info","message":"Logger Active","timestamp":"2014-10-14T01:52:02.890Z"}
{"level":"info","message":"Logger Active on app.js","timestamp":"2014-10-14T01:52:02.939Z"}
{"level":"info","message":"Logger Active","timestamp":"2014-10-14T01:59:05.659Z"}
{"level":"info","message":"Logger Active on app.js","timestamp":"2014-10-14T01:59:05.712Z"}
{"level":"info","message":"Logger Active","timestamp":"2014-10-14T01:59:54.524Z"}
{"level":"info","message":"Logger Active on app.js","timestamp":"2014-10-14T01:59:54.573Z"}
